// Jest Snapshot v1, https://goo.gl/fbAQLP

exports[`City Weather List container should match snapshot 1`] = `
<City
  name="Moscow"
  temperature={10}
/>
`;
