// Jest Snapshot v1, https://goo.gl/fbAQLP

exports[`City item component Renders a City Item  1`] = `
<li
  style={
    Object {
      "textAlign": "left",
    }
  }
>
  Moscow
</li>
`;
