// Jest Snapshot v1, https://goo.gl/fbAQLP

exports[`City weather component should match snapshot 1`] = `
<p>
  City name: 
  Moscow
  , Temperature: 
  11
</p>
`;
